// Jest Snapshot v1, https://goo.gl/fbAQLP

exports[`<MovieList /> component renders correctly 1`] = `
<div
  className="catalog__movies-list"
>
  <article
    className="small-movie-card catalog__movies-card"
    onMouseEnter={[Function]}
    onMouseLeave={[Function]}
  >
    <div
      className="small-movie-card__image"
      onClick={[Function]}
    >
      <video
        height="175"
        muted={true}
        poster=""
        src=""
        style={
          Object {
            "objectFit": "cover",
          }
        }
        width="280"
      />
    </div>
    <h3
      className="small-movie-card__title"
      onClick={[Function]}
    >
      <a
        className="small-movie-card__link"
        href="movie-page.html"
      />
    </h3>
  </article>
  <article
    className="small-movie-card catalog__movies-card"
    onMouseEnter={[Function]}
    onMouseLeave={[Function]}
  >
    <div
      className="small-movie-card__image"
      onClick={[Function]}
    >
      <video
        height="175"
        muted={true}
        poster=""
        src=""
        style={
          Object {
            "objectFit": "cover",
          }
        }
        width="280"
      />
    </div>
    <h3
      className="small-movie-card__title"
      onClick={[Function]}
    >
      <a
        className="small-movie-card__link"
        href="movie-page.html"
      />
    </h3>
  </article>
  <article
    className="small-movie-card catalog__movies-card"
    onMouseEnter={[Function]}
    onMouseLeave={[Function]}
  >
    <div
      className="small-movie-card__image"
      onClick={[Function]}
    >
      <video
        height="175"
        muted={true}
        poster=""
        src=""
        style={
          Object {
            "objectFit": "cover",
          }
        }
        width="280"
      />
    </div>
    <h3
      className="small-movie-card__title"
      onClick={[Function]}
    >
      <a
        className="small-movie-card__link"
        href="movie-page.html"
      />
    </h3>
  </article>
</div>
`;

exports[`<MovieList /> component renders correctly with empty films array 1`] = `
<h2>
  No movies
</h2>
`;
