// Jest Snapshot v1, https://goo.gl/fbAQLP

exports[`<MovieCard /> component renders correctly 1`] = `
<article
  className="small-movie-card catalog__movies-card"
  onMouseEnter={[Function]}
>
  <div
    className="small-movie-card__image"
  >
    <img
      alt="Terminator 2. Judgment day"
      height="175"
      src=""
      width="280"
    />
  </div>
  <h3
    className="small-movie-card__title"
    onClick={[Function]}
  >
    <a
      className="small-movie-card__link"
      href="movie-page.html"
    >
      Terminator 2. Judgment day
    </a>
  </h3>
</article>
`;
